=====================================================
  JasperGold FSV App - Faults Classification Report  
=====================================================

---[ <Report Information> ]------------------------
---------------------------------------------------
 Num  | module | created date             | filter 
---------------------------------------------------
[1]     mac      Dec 10 10:41:58 -02 2019   


********************************************************************************************

---[ <DESIGN INFORMATION> ]-----------------------------------------------------------------------------------------------------------------------------------------------------
--------------------------------------------------------------------------------------------------------------------------------------------------------------------------------
 Num  | Flops                            | Latches   | Gates         | Nets  | Ports | RTL Lines | RTL Instances | Embedded Assumptions | Embedded Assertions | Embedded Covers 
--------------------------------------------------------------------------------------------------------------------------------------------------------------------------------
[1]     216 (216) (0 property flop bits)   748 (748)   19172 (19202)   39431   12      6780        2756            0                      0                     0


********************************************************************************************

---[ <FAULTS CLASSIFICATION SUMMARY> ]------------------------
--------------------------------------------------------------
 Num  | Fault Type | Unprocessed | Safe | Dangerous | Unknown 
--------------------------------------------------------------
[1]     SA0          0             0      0           0
[2]     SA1          0             0      0           0
[3]     SEU          0             0      884         80
[4]     SET          0             0      0           0
[5]     MULTI        0             0      0           0
[6]     Total        0             0      884         80


********************************************************************************************

---[ <SEU> ]------------------------------------------------------------
------------------------------------------------------------------------
 Num  | Node                                           | Classification 
------------------------------------------------------------------------
[1]     acc_reg_0__f.u_RNCL2W11OF2_Q.Q                   Unknown
[2]     acc_reg_0__s0_f.u_SNCL2W11OF2_Q.Q                Unknown
[3]     acc_reg_0__s0_t.u_RNCL2W11OF2_Q.Q                Dangerous
[4]     acc_reg_0__s1_f.u_RNCL2W11OF2_Q.Q                Dangerous
[5]     acc_reg_0__s1_t.u_RNCL2W11OF2_Q.Q                Unknown
[6]     acc_reg_0__t.u_RNCL2W11OF2_Q.Q                   Unknown
[7]     acc_reg_10__f.u_RNCL2W11OF2_Q.Q                  Unknown
[8]     acc_reg_10__s0_f.u_SNCL2W11OF2_Q.Q               Unknown
[9]     acc_reg_10__s0_t.u_RNCL2W11OF2_Q.Q               Dangerous
[10]    acc_reg_10__s1_f.u_RNCL2W11OF2_Q.Q               Dangerous
[11]    acc_reg_10__s1_t.u_RNCL2W11OF2_Q.Q               Unknown
[12]    acc_reg_10__t.u_RNCL2W11OF2_Q.Q                  Unknown
[13]    acc_reg_11__f.u_RNCL2W11OF2_Q.Q                  Unknown
[14]    acc_reg_11__s0_f.u_SNCL2W11OF2_Q.Q               Unknown
[15]    acc_reg_11__s0_t.u_RNCL2W11OF2_Q.Q               Dangerous
[16]    acc_reg_11__s1_f.u_RNCL2W11OF2_Q.Q               Dangerous
[17]    acc_reg_11__s1_t.u_RNCL2W11OF2_Q.Q               Unknown
[18]    acc_reg_11__t.u_RNCL2W11OF2_Q.Q                  Unknown
[19]    acc_reg_12__f.u_RNCL2W11OF2_Q.Q                  Unknown
[20]    acc_reg_12__s0_f.u_SNCL2W11OF2_Q.Q               Unknown
[21]    acc_reg_12__s0_t.u_RNCL2W11OF2_Q.Q               Dangerous
[22]    acc_reg_12__s1_f.u_RNCL2W11OF2_Q.Q               Dangerous
[23]    acc_reg_12__s1_t.u_RNCL2W11OF2_Q.Q               Unknown
[24]    acc_reg_12__t.u_RNCL2W11OF2_Q.Q                  Unknown
[25]    acc_reg_13__f.u_RNCL2W11OF2_Q.Q                  Unknown
[26]    acc_reg_13__s0_f.u_SNCL2W11OF2_Q.Q               Unknown
[27]    acc_reg_13__s0_t.u_RNCL2W11OF2_Q.Q               Dangerous
[28]    acc_reg_13__s1_f.u_RNCL2W11OF2_Q.Q               Dangerous
[29]    acc_reg_13__s1_t.u_RNCL2W11OF2_Q.Q               Unknown
[30]    acc_reg_13__t.u_RNCL2W11OF2_Q.Q                  Unknown
[31]    acc_reg_14__f.u_RNCL2W11OF2_Q.Q                  Unknown
[32]    acc_reg_14__s0_f.u_SNCL2W11OF2_Q.Q               Unknown
[33]    acc_reg_14__s0_t.u_RNCL2W11OF2_Q.Q               Dangerous
[34]    acc_reg_14__s1_f.u_RNCL2W11OF2_Q.Q               Dangerous
[35]    acc_reg_14__s1_t.u_RNCL2W11OF2_Q.Q               Unknown
[36]    acc_reg_14__t.u_RNCL2W11OF2_Q.Q                  Unknown
[37]    acc_reg_15__f.u_RNCL2W11OF2_Q.Q                  Unknown
[38]    acc_reg_15__s0_f.u_SNCL2W11OF2_Q.Q               Unknown
[39]    acc_reg_15__s0_t.u_RNCL2W11OF2_Q.Q               Dangerous
[40]    acc_reg_15__s1_f.u_RNCL2W11OF2_Q.Q               Dangerous
[41]    acc_reg_15__s1_t.u_RNCL2W11OF2_Q.Q               Unknown
[42]    acc_reg_15__t.u_RNCL2W11OF2_Q.Q                  Unknown
[43]    acc_reg_1__f.u_RNCL2W11OF2_Q.Q                   Unknown
[44]    acc_reg_1__s0_f.u_SNCL2W11OF2_Q.Q                Unknown
[45]    acc_reg_1__s0_t.u_RNCL2W11OF2_Q.Q                Dangerous
[46]    acc_reg_1__s1_f.u_RNCL2W11OF2_Q.Q                Dangerous
[47]    acc_reg_1__s1_t.u_RNCL2W11OF2_Q.Q                Unknown
[48]    acc_reg_1__t.u_RNCL2W11OF2_Q.Q                   Unknown
[49]    acc_reg_2__f.u_RNCL2W11OF2_Q.Q                   Unknown
[50]    acc_reg_2__s0_f.u_SNCL2W11OF2_Q.Q                Unknown
[51]    acc_reg_2__s0_t.u_RNCL2W11OF2_Q.Q                Dangerous
[52]    acc_reg_2__s1_f.u_RNCL2W11OF2_Q.Q                Dangerous
[53]    acc_reg_2__s1_t.u_RNCL2W11OF2_Q.Q                Unknown
[54]    acc_reg_2__t.u_RNCL2W11OF2_Q.Q                   Unknown
[55]    acc_reg_3__f.u_RNCL2W11OF2_Q.Q                   Unknown
[56]    acc_reg_3__s0_f.u_SNCL2W11OF2_Q.Q                Unknown
[57]    acc_reg_3__s0_t.u_RNCL2W11OF2_Q.Q                Dangerous
[58]    acc_reg_3__s1_f.u_RNCL2W11OF2_Q.Q                Dangerous
[59]    acc_reg_3__s1_t.u_RNCL2W11OF2_Q.Q                Unknown
[60]    acc_reg_3__t.u_RNCL2W11OF2_Q.Q                   Unknown
[61]    acc_reg_4__f.u_RNCL2W11OF2_Q.Q                   Unknown
[62]    acc_reg_4__s0_f.u_SNCL2W11OF2_Q.Q                Unknown
[63]    acc_reg_4__s0_t.u_RNCL2W11OF2_Q.Q                Dangerous
[64]    acc_reg_4__s1_f.u_RNCL2W11OF2_Q.Q                Dangerous
[65]    acc_reg_4__s1_t.u_RNCL2W11OF2_Q.Q                Unknown
[66]    acc_reg_4__t.u_RNCL2W11OF2_Q.Q                   Unknown
[67]    acc_reg_5__f.u_RNCL2W11OF2_Q.Q                   Unknown
[68]    acc_reg_5__s0_f.u_SNCL2W11OF2_Q.Q                Unknown
[69]    acc_reg_5__s0_t.u_RNCL2W11OF2_Q.Q                Dangerous
[70]    acc_reg_5__s1_f.u_RNCL2W11OF2_Q.Q                Dangerous
[71]    acc_reg_5__s1_t.u_RNCL2W11OF2_Q.Q                Unknown
[72]    acc_reg_5__t.u_RNCL2W11OF2_Q.Q                   Unknown
[73]    acc_reg_6__f.u_RNCL2W11OF2_Q.Q                   Unknown
[74]    acc_reg_6__s0_f.u_SNCL2W11OF2_Q.Q                Unknown
[75]    acc_reg_6__s0_t.u_RNCL2W11OF2_Q.Q                Dangerous
[76]    acc_reg_6__s1_f.u_RNCL2W11OF2_Q.Q                Dangerous
[77]    acc_reg_6__s1_t.u_RNCL2W11OF2_Q.Q                Unknown
[78]    acc_reg_6__t.u_RNCL2W11OF2_Q.Q                   Unknown
[79]    acc_reg_7__f.u_RNCL2W11OF2_Q.Q                   Unknown
[80]    acc_reg_7__s0_f.u_SNCL2W11OF2_Q.Q                Unknown
[81]    acc_reg_7__s0_t.u_RNCL2W11OF2_Q.Q                Dangerous
[82]    acc_reg_7__s1_f.u_RNCL2W11OF2_Q.Q                Dangerous
[83]    acc_reg_7__s1_t.u_RNCL2W11OF2_Q.Q                Unknown
[84]    acc_reg_7__t.u_RNCL2W11OF2_Q.Q                   Unknown
[85]    acc_reg_8__f.u_RNCL2W11OF2_Q.Q                   Unknown
[86]    acc_reg_8__s0_f.u_SNCL2W11OF2_Q.Q                Unknown
[87]    acc_reg_8__s0_t.u_RNCL2W11OF2_Q.Q                Dangerous
[88]    acc_reg_8__s1_f.u_RNCL2W11OF2_Q.Q                Dangerous
[89]    acc_reg_8__s1_t.u_RNCL2W11OF2_Q.Q                Unknown
[90]    acc_reg_8__t.u_RNCL2W11OF2_Q.Q                   Unknown
[91]    acc_reg_9__f.u_RNCL2W11OF2_Q.Q                   Unknown
[92]    acc_reg_9__s0_f.u_SNCL2W11OF2_Q.Q                Unknown
[93]    acc_reg_9__s0_t.u_RNCL2W11OF2_Q.Q                Dangerous
[94]    acc_reg_9__s1_f.u_RNCL2W11OF2_Q.Q                Dangerous
[95]    acc_reg_9__s1_t.u_RNCL2W11OF2_Q.Q                Unknown
[96]    acc_reg_9__t.u_RNCL2W11OF2_Q.Q                   Unknown
[97]    add_16_25_retime_s1_24_reg_f.u_RNCL2W11OF2_Q.Q   Dangerous
[98]    add_16_25_retime_s1_24_reg_t.u_RNCL2W11OF2_Q.Q   Dangerous
[99]    add_16_25_retime_s1_26_reg_f.u_RNCL2W11OF2_Q.Q   Dangerous
[100]   add_16_25_retime_s1_26_reg_t.u_RNCL2W11OF2_Q.Q   Dangerous
[101]   add_16_25_retime_s1_2_reg_f.u_RNCL2W11OF2_Q.Q    Dangerous
[102]   add_16_25_retime_s1_2_reg_t.u_RNCL2W11OF2_Q.Q    Dangerous
[103]   add_16_25_retime_s1_5_reg_f.u_RNCL2W11OF2_Q.Q    Dangerous
[104]   add_16_25_retime_s1_5_reg_t.u_RNCL2W11OF2_Q.Q    Dangerous
[105]   add_16_25_retime_s1_6_reg_f.u_RNCL2W11OF2_Q.Q    Dangerous
[106]   add_16_25_retime_s1_6_reg_t.u_RNCL2W11OF2_Q.Q    Dangerous
[107]   add_16_25_retime_s1_7_reg_f.u_RNCL2W11OF2_Q.Q    Dangerous
[108]   add_16_25_retime_s1_7_reg_t.u_RNCL2W11OF2_Q.Q    Dangerous
[109]   add_16_25_retime_s2_10_reg_f.u_RNCL2W11OF2_Q.Q   Dangerous
[110]   add_16_25_retime_s2_10_reg_t.u_RNCL2W11OF2_Q.Q   Dangerous
[111]   add_16_25_retime_s2_11_reg_f.u_RNCL2W11OF2_Q.Q   Dangerous
[112]   add_16_25_retime_s2_11_reg_t.u_RNCL2W11OF2_Q.Q   Dangerous
[113]   add_16_25_retime_s2_12_reg_f.u_RNCL2W11OF2_Q.Q   Dangerous
[114]   add_16_25_retime_s2_12_reg_t.u_RNCL2W11OF2_Q.Q   Dangerous
[115]   add_16_25_retime_s2_13_reg_f.u_RNCL2W11OF2_Q.Q   Dangerous
[116]   add_16_25_retime_s2_13_reg_t.u_RNCL2W11OF2_Q.Q   Dangerous
[117]   add_16_25_retime_s2_14_reg_f.u_RNCL2W11OF2_Q.Q   Dangerous
[118]   add_16_25_retime_s2_14_reg_t.u_RNCL2W11OF2_Q.Q   Dangerous
[119]   add_16_25_retime_s2_15_reg_f.u_RNCL2W11OF2_Q.Q   Dangerous
[120]   add_16_25_retime_s2_15_reg_t.u_RNCL2W11OF2_Q.Q   Dangerous
[121]   add_16_25_retime_s2_16_reg_f.u_RNCL2W11OF2_Q.Q   Dangerous
[122]   add_16_25_retime_s2_16_reg_t.u_RNCL2W11OF2_Q.Q   Dangerous
[123]   add_16_25_retime_s2_1_reg_f.u_RNCL2W11OF2_Q.Q    Dangerous
[124]   add_16_25_retime_s2_1_reg_t.u_RNCL2W11OF2_Q.Q    Dangerous
[125]   add_16_25_retime_s2_2_reg_f.u_RNCL2W11OF2_Q.Q    Dangerous
[126]   add_16_25_retime_s2_2_reg_t.u_RNCL2W11OF2_Q.Q    Dangerous
[127]   add_16_25_retime_s2_3_reg_f.u_RNCL2W11OF2_Q.Q    Dangerous
[128]   add_16_25_retime_s2_3_reg_t.u_RNCL2W11OF2_Q.Q    Dangerous
[129]   add_16_25_retime_s2_4_reg_f.u_RNCL2W11OF2_Q.Q    Dangerous
[130]   add_16_25_retime_s2_4_reg_t.u_RNCL2W11OF2_Q.Q    Dangerous
[131]   add_16_25_retime_s2_5_reg_f.u_RNCL2W11OF2_Q.Q    Dangerous
[132]   add_16_25_retime_s2_5_reg_t.u_RNCL2W11OF2_Q.Q    Dangerous
[133]   add_16_25_retime_s2_6_reg_f.u_RNCL2W11OF2_Q.Q    Dangerous
[134]   add_16_25_retime_s2_6_reg_t.u_RNCL2W11OF2_Q.Q    Dangerous
[135]   add_16_25_retime_s2_7_reg_f.u_RNCL2W11OF2_Q.Q    Dangerous
[136]   add_16_25_retime_s2_7_reg_t.u_RNCL2W11OF2_Q.Q    Dangerous
[137]   add_16_25_retime_s2_8_reg_f.u_RNCL2W11OF2_Q.Q    Dangerous
[138]   add_16_25_retime_s2_8_reg_t.u_RNCL2W11OF2_Q.Q    Dangerous
[139]   add_16_25_retime_s2_9_reg_f.u_RNCL2W11OF2_Q.Q    Dangerous
[140]   add_16_25_retime_s2_9_reg_t.u_RNCL2W11OF2_Q.Q    Dangerous
[141]   mul_21_22_retime_s1_10_reg_f.u_RNCL2W11OF2_Q.Q   Dangerous
[142]   mul_21_22_retime_s1_10_reg_t.u_RNCL2W11OF2_Q.Q   Dangerous
[143]   mul_21_22_retime_s1_11_reg_f.u_RNCL2W11OF2_Q.Q   Dangerous
[144]   mul_21_22_retime_s1_11_reg_t.u_RNCL2W11OF2_Q.Q   Dangerous
[145]   mul_21_22_retime_s1_12_reg_f.u_RNCL2W11OF2_Q.Q   Dangerous
[146]   mul_21_22_retime_s1_12_reg_t.u_RNCL2W11OF2_Q.Q   Dangerous
[147]   mul_21_22_retime_s1_13_reg_f.u_RNCL2W11OF2_Q.Q   Dangerous
[148]   mul_21_22_retime_s1_13_reg_t.u_RNCL2W11OF2_Q.Q   Dangerous
[149]   mul_21_22_retime_s1_14_reg_f.u_RNCL2W11OF2_Q.Q   Dangerous
[150]   mul_21_22_retime_s1_14_reg_t.u_RNCL2W11OF2_Q.Q   Dangerous
[151]   mul_21_22_retime_s1_15_reg_f.u_RNCL2W11OF2_Q.Q   Dangerous
[152]   mul_21_22_retime_s1_15_reg_t.u_RNCL2W11OF2_Q.Q   Dangerous
[153]   mul_21_22_retime_s1_16_reg_f.u_RNCL2W11OF2_Q.Q   Dangerous
[154]   mul_21_22_retime_s1_16_reg_t.u_RNCL2W11OF2_Q.Q   Dangerous
[155]   mul_21_22_retime_s1_17_reg_f.u_RNCL2W11OF2_Q.Q   Dangerous
[156]   mul_21_22_retime_s1_17_reg_t.u_RNCL2W11OF2_Q.Q   Dangerous
[157]   mul_21_22_retime_s1_18_reg_f.u_RNCL2W11OF2_Q.Q   Dangerous
[158]   mul_21_22_retime_s1_18_reg_t.u_RNCL2W11OF2_Q.Q   Dangerous
[159]   mul_21_22_retime_s1_19_reg_f.u_RNCL2W11OF2_Q.Q   Dangerous
[160]   mul_21_22_retime_s1_19_reg_t.u_RNCL2W11OF2_Q.Q   Dangerous
[161]   mul_21_22_retime_s1_1_reg_f.u_RNCL2W11OF2_Q.Q    Dangerous
[162]   mul_21_22_retime_s1_1_reg_t.u_RNCL2W11OF2_Q.Q    Dangerous
[163]   mul_21_22_retime_s1_20_reg_f.u_RNCL2W11OF2_Q.Q   Dangerous
[164]   mul_21_22_retime_s1_20_reg_t.u_RNCL2W11OF2_Q.Q   Dangerous
[165]   mul_21_22_retime_s1_21_reg_f.u_RNCL2W11OF2_Q.Q   Dangerous
[166]   mul_21_22_retime_s1_21_reg_t.u_RNCL2W11OF2_Q.Q   Dangerous
[167]   mul_21_22_retime_s1_22_reg_f.u_RNCL2W11OF2_Q.Q   Dangerous
[168]   mul_21_22_retime_s1_22_reg_t.u_RNCL2W11OF2_Q.Q   Dangerous
[169]   mul_21_22_retime_s1_23_reg_f.u_RNCL2W11OF2_Q.Q   Dangerous
[170]   mul_21_22_retime_s1_23_reg_t.u_RNCL2W11OF2_Q.Q   Dangerous
[171]   mul_21_22_retime_s1_25_reg_f.u_RNCL2W11OF2_Q.Q   Dangerous
[172]   mul_21_22_retime_s1_25_reg_t.u_RNCL2W11OF2_Q.Q   Dangerous
[173]   mul_21_22_retime_s1_27_reg_f.u_RNCL2W11OF2_Q.Q   Dangerous
[174]   mul_21_22_retime_s1_27_reg_t.u_RNCL2W11OF2_Q.Q   Dangerous
[175]   mul_21_22_retime_s1_28_reg_f.u_RNCL2W11OF2_Q.Q   Dangerous
[176]   mul_21_22_retime_s1_28_reg_t.u_RNCL2W11OF2_Q.Q   Dangerous
[177]   mul_21_22_retime_s1_3_reg_f.u_RNCL2W11OF2_Q.Q    Dangerous
[178]   mul_21_22_retime_s1_3_reg_t.u_RNCL2W11OF2_Q.Q    Dangerous
[179]   mul_21_22_retime_s1_4_reg_f.u_RNCL2W11OF2_Q.Q    Dangerous
[180]   mul_21_22_retime_s1_4_reg_t.u_RNCL2W11OF2_Q.Q    Dangerous
[181]   mul_21_22_retime_s1_8_reg_f.u_RNCL2W11OF2_Q.Q    Dangerous
[182]   mul_21_22_retime_s1_8_reg_t.u_RNCL2W11OF2_Q.Q    Dangerous
[183]   mul_21_22_retime_s1_9_reg_f.u_RNCL2W11OF2_Q.Q    Dangerous
[184]   mul_21_22_retime_s1_9_reg_t.u_RNCL2W11OF2_Q.Q    Dangerous
[185]   out_reg_0__f.u_RNCL2W11OF2_Q.Q                   Dangerous
[186]   out_reg_0__t.u_RNCL2W11OF2_Q.Q                   Dangerous
[187]   out_reg_10__f.u_RNCL2W11OF2_Q.Q                  Dangerous
[188]   out_reg_10__t.u_RNCL2W11OF2_Q.Q                  Dangerous
[189]   out_reg_11__f.u_RNCL2W11OF2_Q.Q                  Dangerous
[190]   out_reg_11__t.u_RNCL2W11OF2_Q.Q                  Dangerous
[191]   out_reg_12__f.u_RNCL2W11OF2_Q.Q                  Dangerous
[192]   out_reg_12__t.u_RNCL2W11OF2_Q.Q                  Dangerous
[193]   out_reg_13__f.u_RNCL2W11OF2_Q.Q                  Dangerous
[194]   out_reg_13__t.u_RNCL2W11OF2_Q.Q                  Dangerous
[195]   out_reg_14__f.u_RNCL2W11OF2_Q.Q                  Dangerous
[196]   out_reg_14__t.u_RNCL2W11OF2_Q.Q                  Dangerous
[197]   out_reg_15__f.u_RNCL2W11OF2_Q.Q                  Dangerous
[198]   out_reg_15__t.u_RNCL2W11OF2_Q.Q                  Dangerous
[199]   out_reg_1__f.u_RNCL2W11OF2_Q.Q                   Dangerous
[200]   out_reg_1__t.u_RNCL2W11OF2_Q.Q                   Dangerous
[201]   out_reg_2__f.u_RNCL2W11OF2_Q.Q                   Dangerous
[202]   out_reg_2__t.u_RNCL2W11OF2_Q.Q                   Dangerous
[203]   out_reg_3__f.u_RNCL2W11OF2_Q.Q                   Dangerous
[204]   out_reg_3__t.u_RNCL2W11OF2_Q.Q                   Dangerous
[205]   out_reg_4__f.u_RNCL2W11OF2_Q.Q                   Dangerous
[206]   out_reg_4__t.u_RNCL2W11OF2_Q.Q                   Dangerous
[207]   out_reg_5__f.u_RNCL2W11OF2_Q.Q                   Dangerous
[208]   out_reg_5__t.u_RNCL2W11OF2_Q.Q                   Dangerous
[209]   out_reg_6__f.u_RNCL2W11OF2_Q.Q                   Dangerous
[210]   out_reg_6__t.u_RNCL2W11OF2_Q.Q                   Dangerous
[211]   out_reg_7__f.u_RNCL2W11OF2_Q.Q                   Dangerous
[212]   out_reg_7__t.u_RNCL2W11OF2_Q.Q                   Dangerous
[213]   out_reg_8__f.u_RNCL2W11OF2_Q.Q                   Dangerous
[214]   out_reg_8__t.u_RNCL2W11OF2_Q.Q                   Dangerous
[215]   out_reg_9__f.u_RNCL2W11OF2_Q.Q                   Dangerous
[216]   out_reg_9__t.u_RNCL2W11OF2_Q.Q                   Dangerous
[217]   g10429__8780.u_NCL2W11OF2_Q.Q                    Dangerous
[218]   g10430__4296.u_NCL2W11OF2_Q.Q                    Dangerous
[219]   g10431__3772.u_INCLPAO22OF4_Q.Q                  Dangerous
[220]   g10432__1474.u_INCLPAO22OF4_Q.Q                  Dangerous
[221]   g10433__4547.u_NCL2W11OF2_Q.Q                    Dangerous
[222]   g10434__9682.u_NCL2W11OF2_Q.Q                    Dangerous
[223]   g10435__2683.u_NCL2W11OF2_Q.Q                    Dangerous
[224]   g10436__1309.u_NCL2W11OF2_Q.Q                    Dangerous
[225]   g10437__6877.u_NCL5W3211OF4_Q.Q                  Dangerous
[226]   g10439__2391.u_NCLP2W211OF3_Q.Q                  Dangerous
[227]   g10440__7675.u_NCLAO22OF4_Q.Q                    Dangerous
[228]   g10441__14455.u_INCLPAO22OF4_Q.Q                 Dangerous
[229]   g10442__14453.u_INCLPAO22OF4_Q.Q                 Dangerous
[230]   g10443__1786.u_NCLAO22OF4_Q.Q                    Dangerous
[231]   g10447__5266.u_NCL2W11OF2_Q.Q                    Dangerous
[232]   g10448__2250.u_NCL2W11OF2_Q.Q                    Dangerous
[233]   g10450__2703.u_NCL2W11OF2_Q.Q                    Dangerous
[234]   g10453__1840.u_INCLP2W11OF2_Q.Q                  Dangerous
[235]   g10454__5019.u_INCL3W111OF3_Q.Q                  Dangerous
[236]   g10457__8780.u_NCLAO22OF4_Q.Q                    Dangerous
[237]   g10458__4296.u_NCL5W3211OF4_Q.Q                  Dangerous
[238]   g10461__4547.u_NCLP2W211OF3_Q.Q                  Dangerous
[239]   g10462__9682.u_NCLAO22OF4_Q.Q                    Dangerous
[240]   g10469__14700.u_NCLP3W211OF3_Q.Q                 Dangerous
[241]   g10470__7118.u_INCL2W11OF2_Q.Q                   Dangerous
[242]   g10472__8757.u_NCL5W3211OF4_Q.Q                  Dangerous
[243]   g10474__5953.u_NCL2W11OF2_Q.Q                    Dangerous
[244]   g10475__5703.u_NCLAO22OF4_Q.Q                    Dangerous
[245]   g10476__14923.u_INCLP2W11OF2_Q.Q                 Dangerous
[246]   g10480__2703.u_NCLAO22OF4_Q.Q                    Dangerous
[247]   g10481__14421.u_INCLP5W3211OF4_Q.Q               Dangerous
[248]   g10483__1840.u_NCL2W11OF2_Q.Q                    Dangerous
[249]   g10486__1857.u_INCL2W11OF2_Q.Q                   Dangerous
[250]   g10487__9906.u_INCL2W11OF2_Q.Q                   Dangerous
[251]   g10488__8780.u_INCL2W11OF2_Q.Q                   Dangerous
[252]   g10489__4296.u_INCL3W111OF3_Q.Q                  Dangerous
[253]   g10490__14408.u_INCLP5W3211OF4_Q.Q               Dangerous
[254]   g10491__1474.u_INCL3W111OF3_Q.Q                  Dangerous
[255]   g10493__9682.u_NCL2W11OF2_Q.Q                    Dangerous
[256]   g10494__2683.u_INCL2W11OF2_Q.Q                   Dangerous
[257]   g10495__1309.u_INCL2W11OF2_Q.Q                   Dangerous
[258]   g10498__2391.u_NCL3W111OF3_Q.Q                   Dangerous
[259]   g10499__7675.u_INCL3W111OF3_Q.Q                  Dangerous
[260]   g10501__8757.u_NCL2W11OF2_Q.Q                    Dangerous
[261]   g10503__1786.u_INCL2W11OF2_Q.Q                   Dangerous
[262]   g10504__5953.u_NCL5W3211OF4_Q.Q                  Dangerous
[263]   g10505__5703.u_INCL2W211OF3_Q.Q                  Dangerous
[264]   g10506__7114.u_NCL5W3211OF4_Q.Q                  Dangerous
[265]   g10507__5266.u_INCL2W11OF2_Q.Q                   Dangerous
[266]   g10508__2250.u_INCL2W11OF2_Q.Q                   Dangerous
[267]   g10509__6083.u_NCL2W11OF2_Q.Q                    Dangerous
[268]   g10510__2703.u_NCL2W11OF2_Q.Q                    Dangerous
[269]   g10511__5795.u_INCLP2W211OF3_Q.Q                 Dangerous
[270]   g10512__7344.u_NCLP2W11OF2_Q.Q                   Dangerous
[271]   g10515__1857.u_INCLP2W11OF2_Q.Q                  Dangerous
[272]   g10516__9906.u_NCL2W11OF2_Q.Q                    Dangerous
[273]   g10517__8780.u_NCL3W111OF3_Q.Q                   Dangerous
[274]   g10518__4296.u_NCL2W11OF2_Q.Q                    Dangerous
[275]   g10520__3772.u_INCLPAO22OF4_Q.Q                  Dangerous
[276]   g10522__4547.u_NCLP2W11OF2_Q.Q                   Dangerous
[277]   g10523__9682.u_NCLP2W211OF3_Q.Q                  Dangerous
[278]   g10524__2683.u_INCL3W111OF3_Q.Q                  Dangerous
[279]   g10525__1309.u_INCLPAO22OF4_Q.Q                  Dangerous
[280]   g10526__14538.u_NCLP3W111OF3_Q.Q                 Dangerous
[281]   g10528__2391.u_NCL2W11OF2_Q.Q                    Dangerous
[282]   g10529__7675.u_NCL2W11OF2_Q.Q                    Dangerous
[283]   g10530__7118.u_NCLP2W11OF2_Q.Q                   Dangerous
[284]   g10531__8757.u_NCLP2W11OF2_Q.Q                   Dangerous
[285]   g10533__1786.u_NCLAO22OF4_Q.Q                    Dangerous
[286]   g10534__5953.u_NCLAO22OF4_Q.Q                    Dangerous
[287]   g10536__7114.u_INCL2W11OF2_Q.Q                   Dangerous
[288]   g10538__2250.u_INCL2W11OF2_Q.Q                   Dangerous
[289]   g10539__6083.u_NCLP2W11OF2_Q.Q                   Dangerous
[290]   g10540__14401.u_NCLP2W211OF3_Q.Q                 Dangerous
[291]   g10542__5795.u_NCLAO22OF4_Q.Q                    Dangerous
[292]   g10543__7344.u_NCLAO22OF4_Q.Q                    Dangerous
[293]   g10544__1840.u_INCL2W11OF2_Q.Q                   Dangerous
[294]   g10545__5019.u_NCL2W11OF2_Q.Q                    Dangerous
[295]   g10546__14653.u_INCLP3W211OF3_Q.Q                Dangerous
[296]   g10547__9906.u_NCLP2W11OF2_Q.Q                   Dangerous
[297]   g10548__8780.u_INCLP2W11OF2_Q.Q                  Dangerous
[298]   g10549__4296.u_INCL2W11OF2_Q.Q                   Dangerous
[299]   g10550__3772.u_INCLP3W111OF3_Q.Q                 Dangerous
[300]   g10551__1474.u_NCL2W11OF2_Q.Q                    Dangerous
[301]   g10554__9682.u_NCL5W3211OF4_Q.Q                  Dangerous
[302]   g10555__2683.u_NCLP2W11OF2_Q.Q                   Dangerous
[303]   g10556__1309.u_NCL2W11OF2_Q.Q                    Dangerous
[304]   g10559__6877.u_NCL5W3211OF4_Q.Q                  Dangerous
[305]   g10560__2900.u_NCLAO22OF4_Q.Q                    Dangerous
[306]   g10561__2391.u_NCLAO22OF4_Q.Q                    Dangerous
[307]   g10562__7675.u_INCL2W111OF3_Q.Q                  Dangerous
[308]   g10563__7118.u_INCL2W111OF3_Q.Q                  Dangerous
[309]   g10564__8757.u_INCL2W11OF2_Q.Q                   Dangerous
[310]   g10565__1786.u_NCLP2W11OF2_Q.Q                   Dangerous
[311]   g10567__5703.u_NCL3W111OF3_Q.Q                   Dangerous
[312]   g10569__5266.u_NCL2W11OF2_Q.Q                    Dangerous
[313]   g10574__5795.u_NCL2W11OF2_Q.Q                    Dangerous
[314]   g10575__7344.u_INCLP3W111OF3_Q.Q                 Dangerous
[315]   g10576__1840.u_NCLP2W11OF2_Q.Q                   Dangerous
[316]   g10578__1857.u_NCL2W111OF3_Q.Q                   Dangerous
[317]   g10579__9906.u_INCLP2W11OF2_Q.Q                  Dangerous
[318]   g10581__4296.u_INCLP2W11OF2_Q.Q                  Dangerous
[319]   g10582__3772.u_NCL2W11OF2_Q.Q                    Unknown
[320]   g10583__1474.u_INCL2W11OF2_Q.Q                   Dangerous
[321]   g10584__4547.u_INCLP2W11OF2_Q.Q                  Dangerous
[322]   g10585__9682.u_INCLP2W11OF2_Q.Q                  Dangerous
[323]   g10586__2683.u_INCLP2W11OF2_Q.Q                  Dangerous
[324]   g10587__1309.u_INCLP2W11OF2_Q.Q                  Dangerous
[325]   g10589__2900.u_NCL2W211OF3_Q.Q                   Dangerous
[326]   g10592__7118.u_INCL2W11OF2_Q.Q                   Dangerous
[327]   g10594__1786.u_INCLP2W11OF2_Q.Q                  Dangerous
[328]   g10595__5953.u_INCLP2W11OF2_Q.Q                  Unknown
[329]   g10600__6083.u_INCL2W11OF2_Q.Q                   Dangerous
[330]   g10603__5795.u_INCLP2W11OF2_Q.Q                  Dangerous
[331]   g10604__7344.u_INCLP2W11OF2_Q.Q                  Dangerous
[332]   g10605__1840.u_INCLP2W11OF2_Q.Q                  Dangerous
[333]   g10606__5019.u_INCL2W211OF3_Q.Q                  Dangerous
[334]   g10608__14447.u_INCLP2W11OF2_Q.Q                 Dangerous
[335]   g10609__8780.u_INCLP2W11OF2_Q.Q                  Dangerous
[336]   g10610__4296.u_INCLP2W11OF2_Q.Q                  Dangerous
[337]   g10613__14353.u_INCLP2W11OF2_Q.Q                 Dangerous
[338]   g10616__1309.u_INCLP2W11OF2_Q.Q                  Dangerous
[339]   g10620__7675.u_INCLP2W11OF2_Q.Q                  Dangerous
[340]   g10622__8757.u_NCLAO22OF4_Q.Q                    Dangerous
[341]   g10624__5953.u_INCLAO22OF4_Q.Q                   Dangerous
[342]   g10625__5703.u_NCLAO22OF4_Q.Q                    Dangerous
[343]   g10626__7114.u_NCLP2W11OF2_Q.Q                   Dangerous
[344]   g10640__2703.u_NCL2W11OF2_Q.Q                    Dangerous
[345]   g10649__3772.u_INCL2W11OF2_Q.Q                   Dangerous
[346]   g10655__6877.u_INCL2W11OF2_Q.Q                   Dangerous
[347]   g10657__2391.u_INCL2W11OF2_Q.Q                   Dangerous
[348]   g10660__8757.u_INCL2W11OF2_Q.Q                   Dangerous
[349]   g10662__5953.u_INCL2W11OF2_Q.Q                   Dangerous
[350]   g10663__5703.u_INCL2W11OF2_Q.Q                   Dangerous
[351]   g10667__6083.u_INCL2W11OF2_Q.Q                   Dangerous
[352]   g10668__2703.u_INCL2W11OF2_Q.Q                   Dangerous
[353]   g10669__5795.u_INCL2W11OF2_Q.Q                   Dangerous
[354]   g10670__7344.u_INCL2W11OF2_Q.Q                   Dangerous
[355]   g10671__1840.u_INCL2W11OF2_Q.Q                   Dangerous
[356]   g10672__5019.u_INCL2W11OF2_Q.Q                   Dangerous
[357]   g10675__8780.u_NCL2W11OF2_Q.Q                    Dangerous
[358]   g10690__2900.u_NCL2W11OF2_Q.Q                    Dangerous
[359]   g10691__2391.u_INCL2W11OF2_Q.Q                   Dangerous
[360]   g10692__7675.u_INCL2W11OF2_Q.Q                   Dangerous
[361]   g10703__5795.u_INCL2W11OF2_Q.Q                   Dangerous
[362]   g10704__7344.u_INCL2W11OF2_Q.Q                   Dangerous
[363]   g10709__8780.u_INCL2W11OF2_Q.Q                   Dangerous
[364]   g10712__1474.u_INCL2W11OF2_Q.Q                   Dangerous
[365]   g10714__9682.u_INCL2W11OF2_Q.Q                   Dangerous
[366]   g10716__1309.u_INCL2W11OF2_Q.Q                   Dangerous
[367]   g10719__2391.u_INCL2W11OF2_Q.Q                   Dangerous
[368]   g10720__7675.u_INCL2W11OF2_Q.Q                   Dangerous
[369]   g10722__8757.u_INCL2W11OF2_Q.Q                   Dangerous
[370]   g10723__1786.u_INCL2W11OF2_Q.Q                   Dangerous
[371]   g13110__5266.u_NCL2W211OF3_Q.Q                   Dangerous
[372]   g13111__2250.u_INCLP2W11OF2_Q.Q                  Dangerous
[373]   g13112__6083.u_NCLAO22OF4_Q.Q                    Dangerous
[374]   g13113__2703.u_NCL5W3211OF4_Q.Q                  Dangerous
[375]   g13115__7344.u_INCLP2W11OF2_Q.Q                  Dangerous
[376]   g13116__1840.u_INCLP2W11OF2_Q.Q                  Dangerous
[377]   g13117__5019.u_INCLP2W11OF2_Q.Q                  Dangerous
[378]   g13118__1857.u_INCLP2W11OF2_Q.Q                  Dangerous
[379]   g13119__9906.u_INCLP2W11OF2_Q.Q                  Dangerous
[380]   g13121__14649.u_INCLPAO22OF4_Q.Q                 Dangerous
[381]   g13122__3772.u_INCLP3W3211OF4_Q.Q                Dangerous
[382]   g13125__14652.u_INCLP3W3211OF4_Q.Q               Dangerous
[383]   g13127__1309.u_NCL3W111OF3_Q.Q                   Dangerous
[384]   g13128__6877.u_INCLP3W111OF3_Q.Q                 Dangerous
[385]   g13130__14553.u_INCLP2W11OF2_Q.Q                 Dangerous
[386]   g13131__14552.u_INCLP2W11OF2_Q.Q                 Dangerous
[387]   g13133__8757.u_INCLP2W11OF2_Q.Q                  Dangerous
[388]   g13138__5266.u_INCLP3W3211OF4_Q.Q                Dangerous
[389]   g13139__2250.u_NCL2W11OF2_Q.Q                    Dangerous
[390]   g13140__6083.u_NCLPAO22OF4_Q.Q                   Dangerous
[391]   g13141__2703.u_INCLPAO22OF4_Q.Q                  Dangerous
[392]   g13142__14663.u_INCLPAO22OF4_Q.Q                 Dangerous
[393]   g13143__14658.u_INCLPAO22OF4_Q.Q                 Dangerous
[394]   g13144__1840.u_NCL5W3221OF4_Q.Q                  Dangerous
[395]   g13145__5019.u_NCLPAO22OF4_Q.Q                   Dangerous
[396]   g13146__14661.u_INCLPAO22OF4_Q.Q                 Dangerous
[397]   g13147__9906.u_NCL3W111OF3_Q.Q                   Dangerous
[398]   g13148__8780.u_NCL3W111OF3_Q.Q                   Dangerous
[399]   g13149__4296.u_NCL3W111OF3_Q.Q                   Dangerous
[400]   g13150__3772.u_NCL3W111OF3_Q.Q                   Dangerous
[401]   g13151__1474.u_INCLPAO22OF4_Q.Q                  Dangerous
[402]   g13152__4547.u_INCL2W11OF2_Q.Q                   Dangerous
[403]   g13153__9682.u_NCL2W11OF2_Q.Q                    Dangerous
[404]   g13154__2683.u_INCL2W11OF2_Q.Q                   Dangerous
[405]   g13155__1309.u_INCL2W11OF2_Q.Q                   Dangerous
[406]   g13156__6877.u_INCL2W11OF2_Q.Q                   Dangerous
[407]   g13157__2900.u_NCL2W11OF2_Q.Q                    Dangerous
[408]   g13158__14913.u_INCLP2W11OF2_Q.Q                 Dangerous
[409]   g13161__8757.u_INCL2W11OF2_Q.Q                   Dangerous
[410]   g13163__5953.u_INCL2W11OF2_Q.Q                   Dangerous
[411]   g13165__7114.u_INCLP2W11OF2_Q.Q                  Dangerous
[412]   g13166__5266.u_INCLP2W11OF2_Q.Q                  Dangerous
[413]   g13167__2250.u_INCLP3W111OF3_Q.Q                 Dangerous
[414]   g13168__6083.u_INCLAO22OF4_Q.Q                   Dangerous
[415]   g13169__2703.u_INCLAO22OF4_Q.Q                   Dangerous
[416]   g13172__15344.u_NCLPAO22OF4_Q.Q                  Dangerous
[417]   g13174__1857.u_NCLAO22OF4_Q.Q                    Dangerous
[418]   g13175__9906.u_INCLP2W111OF3_Q.Q                 Dangerous
[419]   g13176__8780.u_INCLP2W111OF3_Q.Q                 Dangerous
[420]   g13179__3772.u_NCLP2W11OF2_Q.Q                   Dangerous
[421]   g13180__1474.u_NCL2W11OF2_Q.Q                    Dangerous
[422]   g13181__4547.u_NCL2W11OF2_Q.Q                    Dangerous
[423]   g13182__9682.u_NCL2W11OF2_Q.Q                    Dangerous
[424]   g13183__2683.u_INCLP2W11OF2_Q.Q                  Dangerous
[425]   g13187__2391.u_INCL2W11OF2_Q.Q                   Dangerous
[426]   g13188__7675.u_INCLP2W11OF2_Q.Q                  Dangerous
[427]   g13189__7118.u_INCL2W11OF2_Q.Q                   Dangerous
[428]   g13190__8757.u_INCL2W11OF2_Q.Q                   Dangerous
[429]   g13191__1786.u_INCL2W11OF2_Q.Q                   Dangerous
[430]   g13192__5953.u_INCL2W11OF2_Q.Q                   Dangerous
[431]   g13193__5703.u_NCLP3W111OF3_Q.Q                  Dangerous
[432]   g13196__2250.u_INCLP3W111OF3_Q.Q                 Dangerous
[433]   g13197__6083.u_INCLP3W111OF3_Q.Q                 Dangerous
[434]   g13198__2703.u_NCLAO22OF4_Q.Q                    Dangerous
[435]   g13199__5795.u_NCLAO22OF4_Q.Q                    Dangerous
[436]   g13200__7344.u_INCLP2W11OF2_Q.Q                  Dangerous
[437]   g13201__1840.u_NCLPAO22OF4_Q.Q                   Dangerous
[438]   g13202__5019.u_NCLPAO22OF4_Q.Q                   Dangerous
[439]   g13203__1857.u_INCLP2W11OF2_Q.Q                  Dangerous
[440]   g13204__9906.u_NCLP3W111OF3_Q.Q                  Dangerous
[441]   g13205__8780.u_INCLP2W11OF2_Q.Q                  Dangerous
[442]   g13206__4296.u_INCL4W2111OF4_Q.Q                 Dangerous
[443]   g13207__3772.u_INCL3W111OF3_Q.Q                  Dangerous
[444]   g13211__2683.u_NCLAO22OF4_Q.Q                    Dangerous
[445]   g13212__1309.u_INCLP2W11OF2_Q.Q                  Dangerous
[446]   g13213__6877.u_NCL2W11OF2_Q.Q                    Dangerous
[447]   g13215__2391.u_INCLP2W11OF2_Q.Q                  Dangerous
[448]   g13217__7118.u_NCLP2W11OF2_Q.Q                   Dangerous
[449]   g13220__5953.u_INCL2W11OF2_Q.Q                   Dangerous
[450]   g13224__5703.u_NCLAO22OF4_Q.Q                    Dangerous
[451]   g13225__7114.u_INCLPAO22OF4_Q.Q                  Dangerous
[452]   g13226__5266.u_INCLPAO22OF4_Q.Q                  Dangerous
[453]   g13227__2250.u_NCL2W111OF3_Q.Q                   Dangerous
[454]   g13228__6083.u_NCLAO22OF4_Q.Q                    Dangerous
[455]   g13229__2703.u_NCL2W111OF3_Q.Q                   Dangerous
[456]   g13230__5795.u_INCLPAO22OF4_Q.Q                  Dangerous
[457]   g13231__7344.u_INCLPAO22OF4_Q.Q                  Dangerous
[458]   g13232__1840.u_INCLPAO22OF4_Q.Q                  Dangerous
[459]   g13233__5019.u_NCLPAO22OF4_Q.Q                   Dangerous
[460]   g13234__1857.u_NCLPAO22OF4_Q.Q                   Dangerous
[461]   g13235__9906.u_NCLPAO22OF4_Q.Q                   Dangerous
[462]   g13236__8780.u_NCLPAO22OF4_Q.Q                   Dangerous
[463]   g13237__4296.u_NCLPAO22OF4_Q.Q                   Dangerous
[464]   g13239__3772.u_NCL2W11OF2_Q.Q                    Dangerous
[465]   g13246__2900.u_INCL2W11OF2_Q.Q                   Dangerous
[466]   g13247__2391.u_INCL2W11OF2_Q.Q                   Dangerous
[467]   g13248__7675.u_INCLP2W11OF2_Q.Q                  Dangerous
[468]   g13252__5953.u_NCL2W11OF2_Q.Q                    Dangerous
[469]   g13256__5266.u_INCL2W11OF2_Q.Q                   Dangerous
[470]   g13257__2250.u_INCL2W11OF2_Q.Q                   Dangerous
[471]   g13259__2703.u_NCLAO22OF4_Q.Q                    Dangerous
[472]   g13260__5795.u_INCLAO22OF4_Q.Q                   Dangerous
[473]   g13262__1840.u_NCLPAO22OF4_Q.Q                   Dangerous
[474]   g13263__5019.u_INCLPAO22OF4_Q.Q                  Dangerous
[475]   g13264__1857.u_INCL2W11OF2_Q.Q                   Dangerous
[476]   g13265__9906.u_INCLP2W111OF3_Q.Q                 Dangerous
[477]   g13266__8780.u_INCLP2W111OF3_Q.Q                 Dangerous
[478]   g13267__4296.u_INCL2W111OF3_Q.Q                  Dangerous
[479]   g13268__3772.u_NCLPAO22OF4_Q.Q                   Dangerous
[480]   g13269__1474.u_NCLPAO22OF4_Q.Q                   Dangerous
[481]   g13270__4547.u_NCLP2W111OF3_Q.Q                  Dangerous
[482]   g13271__9682.u_NCLP2W111OF3_Q.Q                  Dangerous
[483]   g13277__2683.u_INCLP2W11OF2_Q.Q                  Dangerous
[484]   g13278__1309.u_INCL2W11OF2_Q.Q                   Dangerous
[485]   g13279__6877.u_INCL2W11OF2_Q.Q                   Dangerous
[486]   g13280__2900.u_INCLP2W11OF2_Q.Q                  Dangerous
[487]   g13281__2391.u_INCL2W11OF2_Q.Q                   Dangerous
[488]   g13282__7675.u_INCL2W11OF2_Q.Q                   Dangerous
[489]   g13284__8757.u_INCL2W11OF2_Q.Q                   Dangerous
[490]   g13286__5953.u_INCLP2W11OF2_Q.Q                  Dangerous
[491]   g13290__15761.u_INCL2W11OF2_Q.Q                  Dangerous
[492]   g13291__2250.u_INCL2W11OF2_Q.Q                   Dangerous
[493]   g13293__2703.u_INCL2W11OF2_Q.Q                   Dangerous
[494]   g13294__5795.u_NCLPAO22OF4_Q.Q                   Dangerous
[495]   g13297__15159.u_INCLP2W11OF2_Q.Q                 Dangerous
[496]   g13298__1857.u_INCLP2W11OF2_Q.Q                  Dangerous
[497]   g13301__9906.u_NCLP2W11OF2_Q.Q                   Dangerous
[498]   g13302__8780.u_INCLP3W111OF3_Q.Q                 Dangerous
[499]   g13303__4296.u_NCLP2W11OF2_Q.Q                   Dangerous
[500]   g13304__3772.u_NCLPAO22OF4_Q.Q                   Dangerous
[501]   g13306__4547.u_INCLP2W111OF3_Q.Q                 Dangerous
[502]   g13307__9682.u_INCLP2W111OF3_Q.Q                 Dangerous
[503]   g13308__2683.u_NCLPAO22OF4_Q.Q                   Dangerous
[504]   g13309__1309.u_INCLPAO22OF4_Q.Q                  Dangerous
[505]   g13310__6877.u_NCLPAO22OF4_Q.Q                   Dangerous
[506]   g13311__2900.u_NCLPAO22OF4_Q.Q                   Dangerous
[507]   g13312__2391.u_NCLPAO22OF4_Q.Q                   Dangerous
[508]   g13315__8757.u_NCLAO22OF4_Q.Q                    Dangerous
[509]   g13316__14443.u_INCLP2W111OF3_Q.Q                Dangerous
[510]   g13317__5953.u_INCL2W111OF3_Q.Q                  Dangerous
[511]   g13318__5703.u_NCLP2W111OF3_Q.Q                  Dangerous
[512]   g13319__7114.u_INCLP2W111OF3_Q.Q                 Dangerous
[513]   g13320__5266.u_INCL2W111OF3_Q.Q                  Dangerous
[514]   g13321__2250.u_INCL2W111OF3_Q.Q                  Dangerous
[515]   g13322__6083.u_NCLAO22OF4_Q.Q                    Dangerous
[516]   g13323__2703.u_NCLP2W111OF3_Q.Q                  Dangerous
[517]   g13328__5795.u_INCLP2W11OF2_Q.Q                  Dangerous
[518]   g13330__1840.u_INCL2W11OF2_Q.Q                   Dangerous
[519]   g13332__1857.u_NCLAO22OF4_Q.Q                    Dangerous
[520]   g13335__4296.u_NCLPAO22OF4_Q.Q                   Dangerous
[521]   g13336__3772.u_NCLPAO22OF4_Q.Q                   Dangerous
[522]   g13338__4547_dup15760.u_INCL2W11OF2_Q.Q          Dangerous
[523]   g13343__6877.u_INCL2W11OF2_Q.Q                   Dangerous
[524]   g13344__2900.u_NCL2W211OF3_Q.Q                   Dangerous
[525]   g13345__2391.u_INCLP2W11OF2_Q.Q                  Dangerous
[526]   g13346__7675.u_INCL2W11OF2_Q.Q                   Dangerous
[527]   g13347__7118.u_INCLP2W11OF2_Q.Q                  Dangerous
[528]   g13357__5953.u_INCL3W111OF3_Q.Q                  Dangerous
[529]   g13358__5703.u_INCL3W111OF3_Q.Q                  Dangerous
[530]   g13359__7114.u_NCLAO22OF4_Q.Q                    Dangerous
[531]   g13360__5266.u_NCLPAO22OF4_Q.Q                   Dangerous
[532]   g13361__2250.u_NCLP2W111OF3_Q.Q                  Dangerous
[533]   g13362__6083.u_INCLPAO22OF4_Q.Q                  Dangerous
[534]   g13363__2703.u_INCLP2W111OF3_Q.Q                 Dangerous
[535]   g13364__5795.u_NCLPAO22OF4_Q.Q                   Dangerous
[536]   g13365__7344.u_INCLPAO22OF4_Q.Q                  Dangerous
[537]   g13366__1840.u_INCLPAO22OF4_Q.Q                  Dangerous
[538]   g13367__5019.u_NCLPAO22OF4_Q.Q                   Dangerous
[539]   g13369__14604.u_INCLP3W111OF3_Q.Q                Dangerous
[540]   g13371__4296.u_NCLPAO22OF4_Q.Q                   Dangerous
[541]   g13372__3772.u_NCLPAO22OF4_Q.Q                   Dangerous
[542]   g13373__1474.u_NCLPAO22OF4_Q.Q                   Dangerous
[543]   g13374__4547.u_NCLP2W111OF3_Q.Q                  Dangerous
[544]   g13375__9682.u_NCLP2W111OF3_Q.Q                  Dangerous
[545]   g13376__2683.u_INCLP2W11OF2_Q.Q                  Dangerous
[546]   g13377__1309.u_INCLP2W11OF2_Q.Q                  Dangerous
[547]   g13378__6877.u_NCL3W111OF3_Q.Q                   Dangerous
[548]   g13386__7675.u_NCLP2W11OF2_Q.Q                   Dangerous
[549]   g13387__7118.u_NCLP2W11OF2_Q.Q                   Dangerous
[550]   g13388__8757.u_INCLP2W11OF2_Q.Q                  Dangerous
[551]   g13389__1786.u_NCLP2W11OF2_Q.Q                   Dangerous
[552]   g13390__5953.u_INCLPAO22OF4_Q.Q                  Dangerous
[553]   g13392__7114.u_INCL2W11OF2_Q.Q                   Dangerous
[554]   g13394__2250.u_NCLAO22OF4_Q.Q                    Dangerous
[555]   g13395__6083.u_NCLP3W211OF3_Q.Q                  Dangerous
[556]   g13397__5795.u_NCLP3W211OF3_Q.Q                  Dangerous
[557]   g13398__7344.u_NCLAO22OF4_Q.Q                    Dangerous
[558]   g13399__1840.u_INCLPAO22OF4_Q.Q                  Dangerous
[559]   g13400__5019.u_INCLPAO22OF4_Q.Q                  Dangerous
[560]   g13402__14601.u_INCLP2W11OF2_Q.Q                 Dangerous
[561]   g13403__8780.u_NCLP3W211OF3_Q.Q                  Dangerous
[562]   g13406__1474.u_NCLPAO22OF4_Q.Q                   Dangerous
[563]   g13408__9682.u_INCL2W11OF2_Q.Q                   Dangerous
[564]   g13409__2683.u_INCL4W1111OF4_Q.Q                 Dangerous
[565]   g13412__1309.u_INCLP3W111OF3_Q.Q                 Dangerous
[566]   g13413__6877.u_NCLP3W111OF3_Q.Q                  Dangerous
[567]   g13414__2900.u_NCLP3W111OF3_Q.Q                  Dangerous
[568]   g13415__2391.u_NCLP3W111OF3_Q.Q                  Dangerous
[569]   g13416__7675.u_NCLPAO22OF4_Q.Q                   Dangerous
[570]   g13417__14802.u_INCLP2W111OF3_Q.Q                Dangerous
[571]   g13418__8757.u_INCLPAO22OF4_Q.Q                  Dangerous
[572]   g13419__1786.u_NCLPAO22OF4_Q.Q                   Dangerous
[573]   g13420__5953.u_INCLP2W111OF3_Q.Q                 Dangerous
[574]   g13421__5703.u_INCL4W1111OF4_Q.Q                 Dangerous
[575]   g13422__7114.u_INCL3W111OF3_Q.Q                  Dangerous
[576]   g13423__5266.u_INCLPAO22OF4_Q.Q                  Dangerous
[577]   g13424__2250.u_INCLPAO22OF4_Q.Q                  Dangerous
[578]   g13425__6083.u_NCLPAO22OF4_Q.Q                   Dangerous
[579]   g13426__2703.u_NCLPAO22OF4_Q.Q                   Dangerous
[580]   g13427__5795.u_NCLPAO22OF4_Q.Q                   Dangerous
[581]   g13428__14781.u_INCLP2W111OF3_Q.Q                Dangerous
[582]   g13429__1840.u_INCLPAO22OF4_Q.Q                  Dangerous
[583]   g13430__5019.u_NCLPAO22OF4_Q.Q                   Dangerous
[584]   g13431__1857.u_NCLPAO22OF4_Q.Q                   Dangerous
[585]   g13433__8780.u_NCLPAO22OF4_Q.Q                   Dangerous
[586]   g13434__4296.u_NCLPAO22OF4_Q.Q                   Dangerous
[587]   g13435__3772.u_NCLPAO22OF4_Q.Q                   Dangerous
[588]   g13436__1474.u_NCLPAO22OF4_Q.Q                   Dangerous
[589]   g13437__4547.u_INCLP2W111OF3_Q.Q                 Dangerous
[590]   g13443__1309.u_INCL3W111OF3_Q.Q                  Dangerous
[591]   g13444__6877.u_NCL3W111OF3_Q.Q                   Dangerous
[592]   g13446__2391.u_NCLP2W11OF2_Q.Q                   Dangerous
[593]   g13447__7675.u_INCLP2W11OF2_Q.Q                  Dangerous
[594]   g13450__1786.u_NCLP2W11OF2_Q.Q                   Dangerous
[595]   g13451__5953.u_INCLP2W11OF2_Q.Q                  Dangerous
[596]   g13455__2250.u_INCLP3W111OF3_Q.Q                 Dangerous
[597]   g13456__6083.u_NCLP2W11OF2_Q.Q                   Dangerous
[598]   g13457__2703.u_NCLP2W111OF3_Q.Q                  Dangerous
[599]   g13458__5795.u_INCL2W11OF2_Q.Q                   Dangerous
[600]   g13459__7344.u_INCL4W1111OF4_Q.Q                 Dangerous
[601]   g13461__1840.u_INCLP2W111OF3_Q.Q                 Dangerous
[602]   g13462__14864.u_NCLP2W111OF3_Q.Q                 Dangerous
[603]   g13463__1857.u_NCLP2W111OF3_Q.Q                  Dangerous
[604]   g13464__9906.u_INCLP2W111OF3_Q.Q                 Dangerous
[605]   g13465__8780.u_NCLP2W111OF3_Q.Q                  Dangerous
[606]   g13466__14846.u_NCLP2W111OF3_Q.Q                 Dangerous
[607]   g13467__14698.u_NCLP2W111OF3_Q.Q                 Dangerous
[608]   g13468__1474.u_NCLP2W111OF3_Q.Q                  Dangerous
[609]   g13469__4547.u_NCLP2W111OF3_Q.Q                  Dangerous
[610]   g13470__14576.u_NCLP2W111OF3_Q.Q                 Dangerous
[611]   g13471__2683.u_INCLP2W111OF3_Q.Q                 Dangerous
[612]   g13472__1309.u_NCLP2W111OF3_Q.Q                  Dangerous
[613]   g13473__6877.u_NCLP2W111OF3_Q.Q                  Dangerous
[614]   g13474__2900.u_INCLP2W111OF3_Q.Q                 Dangerous
[615]   g13475__2391.u_NCLP2W111OF3_Q.Q                  Dangerous
[616]   g13476__14828.u_NCLP2W111OF3_Q.Q                 Dangerous
[617]   g13477__14586.u_INCLP2W111OF3_Q.Q                Dangerous
[618]   g13478__8757.u_NCLP2W111OF3_Q.Q                  Dangerous
[619]   g13479__1786.u_NCLP2W111OF3_Q.Q                  Dangerous
[620]   g13481__5953.u_INCL2W11OF2_Q.Q                   Dangerous
[621]   g13484__5266.u_INCL2W11OF2_Q.Q                   Dangerous
[622]   g13485__2250.u_INCL2W11OF2_Q.Q                   Dangerous
[623]   g13486__6083.u_INCL2W11OF2_Q.Q                   Dangerous
[624]   g13489__7344.u_INCL2W11OF2_Q.Q                   Dangerous
[625]   g13490__1840.u_INCL2W11OF2_Q.Q                   Dangerous
[626]   g13492__14849.u_NCLPAO22OF4_Q.Q                  Dangerous
[627]   g13493__9906.u_INCL2W11OF2_Q.Q                   Dangerous
[628]   g13496__14867.u_NCLPAO22OF4_Q.Q                  Dangerous
[629]   g13497__15153.u_NCLPAO22OF4_Q.Q                  Dangerous
[630]   g13498__4547.u_NCLPAO22OF4_Q.Q                   Dangerous
[631]   g13500__2683.u_NCLPAO22OF4_Q.Q                   Dangerous
[632]   g13501__1309.u_INCL2W11OF2_Q.Q                   Dangerous
[633]   g13502__6877.u_NCLPAO22OF4_Q.Q                   Dangerous
[634]   g13503__14801.u_NCLPAO22OF4_Q.Q                  Dangerous
[635]   g13515__2250.u_INCLP3W111OF3_Q.Q                 Dangerous
[636]   g13517__2703.u_NCLPAO22OF4_Q.Q                   Dangerous
[637]   g13518__5795.u_INCLP3W111OF3_Q.Q                 Dangerous
[638]   g13519__14964.u_NCLPAO22OF4_Q.Q                  Dangerous
[639]   g13520__1840.u_NCLPAO22OF4_Q.Q                   Dangerous
[640]   g13521__14406.u_NCLPAO22OF4_Q.Q                  Dangerous
[641]   g13522__14833.u_NCLPAO22OF4_Q.Q                  Dangerous
[642]   g13523__14831.u_NCLPAO22OF4_Q.Q                  Dangerous
[643]   g13524__14404.u_NCLPAO22OF4_Q.Q                  Dangerous
[644]   g13525__15150.u_NCLPAO22OF4_Q.Q                  Dangerous
[645]   g13526__14800.u_NCLPAO22OF4_Q.Q                  Dangerous
[646]   g13527__14961.u_NCLPAO22OF4_Q.Q                  Dangerous
[647]   g13528__14588.u_NCLPAO22OF4_Q.Q                  Dangerous
[648]   g13529__14462.u_NCLPAO22OF4_Q.Q                  Dangerous
[649]   g13530__14583.u_NCLPAO22OF4_Q.Q                  Dangerous
[650]   g13531__1309.u_NCLPAO22OF4_Q.Q                   Dangerous
[651]   g13532__14850.u_NCLPAO22OF4_Q.Q                  Dangerous
[652]   g13533__2900.u_NCLPAO22OF4_Q.Q                   Dangerous
[653]   g13534__14866.u_NCLPAO22OF4_Q.Q                  Dangerous
[654]   g13535__7675.u_NCLPAO22OF4_Q.Q                   Dangerous
[655]   g13536__7118.u_NCLPAO22OF4_Q.Q                   Dangerous
[656]   g13537__8757.u_NCLPAO22OF4_Q.Q                   Dangerous
[657]   g13538__1786.u_NCLPAO22OF4_Q.Q                   Dangerous
[658]   g13539__5953.u_NCLPAO22OF4_Q.Q                   Dangerous
[659]   g13540__5703.u_NCLPAO22OF4_Q.Q                   Dangerous
[660]   g13541__7114.u_NCLPAO22OF4_Q.Q                   Dangerous
[661]   g13542__5266.u_INCLPAO22OF4_Q.Q                  Dangerous
[662]   g13544__6083.u_INCLP3W111OF3_Q.Q                 Dangerous
[663]   g13545__2703.u_NCL3W111OF3_Q.Q                   Dangerous
[664]   g13548__7344.u_INCLP2W11OF2_Q.Q                  Dangerous
[665]   g13549__1840.u_INCLP2W11OF2_Q.Q                  Dangerous
[666]   g13550__5019.u_INCLP2W11OF2_Q.Q                  Dangerous
[667]   g13551__1857.u_INCLP2W11OF2_Q.Q                  Dangerous
[668]   g13553__8780.u_INCLP2W11OF2_Q.Q                  Dangerous
[669]   g13555__3772.u_INCLP2W11OF2_Q.Q                  Dangerous
[670]   g13556__1474.u_INCLP2W11OF2_Q.Q                  Dangerous
[671]   g13557__4547.u_INCLP2W11OF2_Q.Q                  Dangerous
[672]   g13559__14963.u_INCLP2W11OF2_Q.Q                 Dangerous
[673]   g13560__1309.u_INCLP2W11OF2_Q.Q                  Dangerous
[674]   g13561__6877.u_INCLP2W11OF2_Q.Q                  Dangerous
[675]   g13563__2391.u_INCLP2W11OF2_Q.Q                  Dangerous
[676]   g13564__7675.u_INCLP2W11OF2_Q.Q                  Dangerous
[677]   g13565__14960.u_INCLP2W11OF2_Q.Q                 Dangerous
[678]   g13568__8757.u_NCLOA22OF4_Q.Q                    Dangerous
[679]   g13569__1786.u_INCLP2W11OF2_Q.Q                  Dangerous
[680]   g13570__5953.u_INCLP2W11OF2_Q.Q                  Dangerous
[681]   g13571__5703.u_INCLP2W11OF2_Q.Q                  Dangerous
[682]   g13572__7114.u_INCLP2W11OF2_Q.Q                  Dangerous
[683]   g13573__5266.u_NCLAO22OF4_Q.Q                    Dangerous
[684]   g13574__2250.u_NCLP3W111OF3_Q.Q                  Dangerous
[685]   g13575__6083.u_INCL3W111OF3_Q.Q                  Dangerous
[686]   g13576__2703.u_INCL3W111OF3_Q.Q                  Dangerous
[687]   g13577__5795.u_NCLP3W111OF3_Q.Q                  Dangerous
[688]   g13580__5019.u_INCLP2W11OF2_Q.Q                  Dangerous
[689]   g13582__9906.u_INCLP2W11OF2_Q.Q                  Dangerous
[690]   g13584__4296.u_NCLOA22OF4_Q.Q                    Dangerous
[691]   g13585__3772.u_INCLP2W11OF2_Q.Q                  Dangerous
[692]   g13595__6877.u_INCL2W11OF2_Q.Q                   Dangerous
[693]   g13600__8757.u_INCL2W11OF2_Q.Q                   Dangerous
[694]   g13604__7114.u_INCL2W11OF2_Q.Q                   Dangerous
[695]   g13605__5266.u_NCL2W11OF2_Q.Q                    Dangerous
[696]   g13606__2250.u_NCL2W11OF2_Q.Q                    Dangerous
[697]   g13609__5795.u_INCL2W11OF2_Q.Q                   Dangerous
[698]   g13610__7344.u_INCL2W11OF2_Q.Q                   Dangerous
[699]   g13617__3772.u_INCL2W11OF2_Q.Q                   Dangerous
[700]   g13621__2683.u_INCL2W11OF2_Q.Q                   Dangerous
[701]   g13625__2391.u_INCL2W11OF2_Q.Q                   Dangerous
[702]   g13626__7675.u_INCL2W11OF2_Q.Q                   Dangerous
[703]   g13630__5953.u_INCL2W11OF2_Q.Q                   Dangerous
[704]   g13633__5266.u_INCL2W11OF2_Q.Q                   Dangerous
[705]   g13635__6083.u_INCL2W11OF2_Q.Q                   Dangerous
[706]   g13640__5019.u_INCL2W11OF2_Q.Q                   Dangerous
[707]   g13643__8780.u_INCL2W11OF2_Q.Q                   Dangerous
[708]   g13644__4296.u_INCL2W11OF2_Q.Q                   Dangerous
[709]   g13647__4547.u_INCL2W11OF2_Q.Q                   Dangerous
[710]   g13651__6877.u_INCL2W11OF2_Q.Q                   Dangerous
[711]   g13652__2900.u_INCL2W11OF2_Q.Q                   Dangerous
[712]   g13653__2391.u_INCL2W11OF2_Q.Q                   Dangerous
[713]   g13654__7675.u_INCL2W11OF2_Q.Q                   Dangerous
[714]   g13656__8757.u_INCL2W11OF2_Q.Q                   Dangerous
[715]   g13657__1786.u_INCL2W11OF2_Q.Q                   Dangerous
[716]   g13658__5953.u_INCL2W11OF2_Q.Q                   Dangerous
[717]   g13659__5703.u_INCL2W11OF2_Q.Q                   Dangerous
[718]   g13663.u_INCL2W11OF2_Q.Q                         Dangerous
[719]   g13675.u_INCL2W11OF2_Q.Q                         Dangerous
[720]   g13678.u_INCL2W11OF2_Q.Q                         Dangerous
[721]   g13681.u_NCL2W11OF2_Q.Q                          Dangerous
[722]   g13682.u_INCLP2W11OF2_Q.Q                        Dangerous
[723]   g13684.u_INCL2W11OF2_Q.Q                         Dangerous
[724]   g13685.u_INCL2W11OF2_Q.Q                         Dangerous
[725]   g13691.u_INCL2W11OF2_Q.Q                         Dangerous
[726]   g13693.u_INCL2W11OF2_Q.Q                         Dangerous
[727]   g13695.u_INCL2W11OF2_Q.Q                         Dangerous
[728]   g13699.u_INCL2W11OF2_Q.Q                         Dangerous
[729]   g13700.u_INCL2W11OF2_Q.Q                         Dangerous
[730]   g13703.u_INCL2W11OF2_Q.Q                         Dangerous
[731]   g13707.u_INCL2W11OF2_Q.Q                         Dangerous
[732]   g13708.u_INCL2W11OF2_Q.Q                         Dangerous
[733]   g13709.u_INCL2W11OF2_Q.Q                         Dangerous
[734]   g13710.u_INCL2W11OF2_Q.Q                         Dangerous
[735]   g13711.u_INCL2W11OF2_Q.Q                         Dangerous
[736]   g13716.u_INCL2W11OF2_Q.Q                         Dangerous
[737]   g13717.u_INCL2W11OF2_Q.Q                         Dangerous
[738]   g13719.u_INCL2W11OF2_Q.Q                         Dangerous
[739]   g13722.u_INCL2W11OF2_Q.Q                         Dangerous
[740]   g13725.u_INCL2W11OF2_Q.Q                         Dangerous
[741]   g13728.u_INCL2W11OF2_Q.Q                         Dangerous
[742]   g13729.u_INCL2W11OF2_Q.Q                         Dangerous
[743]   g13730.u_INCL2W11OF2_Q.Q                         Dangerous
[744]   g13732.u_INCL2W11OF2_Q.Q                         Dangerous
[745]   g13735.u_INCL2W11OF2_Q.Q                         Dangerous
[746]   g13738.u_INCL2W11OF2_Q.Q                         Dangerous
[747]   g13739.u_INCL2W11OF2_Q.Q                         Dangerous
[748]   g13740.u_INCL2W11OF2_Q.Q                         Dangerous
[749]   g13782.u_NCL2W11OF2_Q.Q                          Dangerous
[750]   g13785.u_NCLAO22OF4_Q.Q                          Dangerous
[751]   g13787.u_NCL4W1111OF4_Q.Q                        Dangerous
[752]   g13788.u_NCL3W211OF3_Q.Q                         Dangerous
[753]   g13791.u_NCLAO22OF4_Q.Q                          Dangerous
[754]   g13792.u_NCL4W1111OF4_Q.Q                        Dangerous
[755]   g13793.u_NCL5W2211OF4_Q.Q                        Dangerous
[756]   g13794.u_NCLAO22OF4_Q.Q                          Dangerous
[757]   g13795.u_NCLAO22OF4_Q.Q                          Dangerous
[758]   g13796.u_NCLAO22OF4_Q.Q                          Dangerous
[759]   g13797.u_NCLAO22OF4_Q.Q                          Dangerous
[760]   g13798.u_NCL3W211OF3_Q.Q                         Dangerous
[761]   g14450.u_NCLP2W211OF3_Q.Q                        Dangerous
[762]   g14474.u_NCLP2W11OF2_Q.Q                         Dangerous
[763]   g14481.u_NCLP2W211OF3_Q.Q                        Dangerous
[764]   g14485.u_INCLP2W211OF3_Q.Q                       Dangerous
[765]   g14487.u_INCLP2W11OF2_Q.Q                        Dangerous
[766]   g14488.u_NCLP2W11OF2_Q.Q                         Dangerous
[767]   g14492.u_NCLP2W11OF2_Q.Q                         Dangerous
[768]   g14509.u_NCLP2W11OF2_Q.Q                         Dangerous
[769]   g14510.u_NCLP2W11OF2_Q.Q                         Unknown
[770]   g14528.u_NCLP2W11OF2_Q.Q                         Dangerous
[771]   g14533.u_NCLP2W11OF2_Q.Q                         Dangerous
[772]   g14543.u_INCLP4W1111OF4_Q.Q                      Dangerous
[773]   g146.u_INCLP3W211OF3_Q.Q                         Dangerous
[774]   g14694.u_NCLP2W11OF2_Q.Q                         Dangerous
[775]   g148.u_NCLP2W11OF2_Q.Q                           Dangerous
[776]   g149.u_NCLP2W11OF2_Q.Q                           Dangerous
[777]   g15043.u_NCLP2W11OF2_Q.Q                         Dangerous
[778]   g15219.u_INCLP3W111OF3_Q.Q                       Unknown
[779]   g15223.u_NCLP2W11OF2_Q.Q                         Dangerous
[780]   g15227.u_INCLP3W111OF3_Q.Q                       Dangerous
[781]   g15298.u_INCLP2W211OF3_Q.Q                       Dangerous
[782]   g15299.u_NCLP2W11OF2_Q.Q                         Dangerous
[783]   g15306.u_INCLP2W211OF3_Q.Q                       Dangerous
[784]   g15307.u_NCLP2W11OF2_Q.Q                         Dangerous
[785]   g15308.u_INCLP2W211OF3_Q.Q                       Dangerous
[786]   g15309.u_NCLP2W11OF2_Q.Q                         Dangerous
[787]   g15310.u_INCLP2W211OF3_Q.Q                       Dangerous
[788]   g15311.u_NCLP2W11OF2_Q.Q                         Dangerous
[789]   g15312.u_INCLP2W211OF3_Q.Q                       Dangerous
[790]   g15313.u_NCLP2W11OF2_Q.Q                         Dangerous
[791]   g15353.u_NCLP2W11OF2_Q.Q                         Dangerous
[792]   g15354.u_NCLP2W11OF2_Q.Q                         Dangerous
[793]   g15368.u_INCLP3W211OF3_Q.Q                       Dangerous
[794]   g15369.u_INCLP2W211OF3_Q.Q                       Dangerous
[795]   g15387.u_NCLP2W11OF2_Q.Q                         Dangerous
[796]   g15388.u_NCLP2W11OF2_Q.Q                         Dangerous
[797]   g15404.u_NCLP2W11OF2_Q.Q                         Dangerous
[798]   g15411.u_NCLP3W111OF3_Q.Q                        Unknown
[799]   g15412.u_NCLPAO22OF4_Q.Q                         Dangerous
[800]   g15566.u_INCLP2W211OF3_Q.Q                       Dangerous
[801]   g15568.u_NCLP2W11OF2_Q.Q                         Dangerous
[802]   g15569.u_INCL2W11OF2_Q.Q                         Dangerous
[803]   g15576.u_INCLP2W211OF3_Q.Q                       Dangerous
[804]   g15577.u_NCLP2W11OF2_Q.Q                         Dangerous
[805]   g15583.u_NCLP3W3111OF4_Q.Q                       Dangerous
[806]   g15585.u_INCLP2W211OF3_Q.Q                       Dangerous
[807]   g15594.u_INCLPAO22OF4_Q.Q                        Dangerous
[808]   g15595.u_INCLP2W211OF3_Q.Q                       Dangerous
[809]   g15762.u_NCLOA22OF4_Q.Q                          Dangerous
[810]   g15765.u_NCLOA22OF4_Q.Q                          Dangerous
[811]   g15766.u_NCLAO22OF4_Q.Q                          Dangerous
[812]   g15767.u_INCLAO22OF4_Q.Q                         Dangerous
[813]   g15768.u_INCL2W11OF2_Q.Q                         Dangerous
[814]   g15769.u_NCLAO22OF4_Q.Q                          Dangerous
[815]   g15771.u_NCL2W11OF2_Q.Q                          Dangerous
[816]   g15772.u_INCL2W211OF3_Q.Q                        Dangerous
[817]   g15773.u_INCL2W211OF3_Q.Q                        Dangerous
[818]   g15774.u_INCL2W211OF3_Q.Q                        Dangerous
[819]   g15775.u_INCL3W211OF3_Q.Q                        Dangerous
[820]   g15776.u_INCL3W211OF3_Q.Q                        Dangerous
[821]   g15777.u_NCL2W211OF3_Q.Q                         Dangerous
[822]   g15778.u_NCLOA22OF4_Q.Q                          Dangerous
[823]   g2.u_NCLP2W11OF2_Q.Q                             Dangerous
[824]   g3.u_NCLP2W11OF2_Q.Q                             Dangerous
[825]   g34.u_NCLPAO22OF4_Q.Q                            Dangerous
[826]   g39.u_INCLP2W211OF3_Q.Q                          Dangerous
[827]   g40.u_NCLP2W11OF2_Q.Q                            Dangerous
[828]   g41.u_NCLP2W211OF3_Q.Q                           Dangerous
[829]   g6754__2250.u_NCLP3W111OF3_Q.Q                   Dangerous
[830]   g6755__6083.u_NCLP3W111OF3_Q.Q                   Dangerous
[831]   g6756__2703.u_NCLP3W111OF3_Q.Q                   Dangerous
[832]   g6757__5795.u_NCLP3W111OF3_Q.Q                   Dangerous
[833]   g6758__14458.u_NCLP2W11OF2_Q.Q                   Dangerous
[834]   g6760__1840.u_INCL3W111OF3_Q.Q                   Dangerous
[835]   g6761__5019.u_INCL2W11OF2_Q.Q                    Dangerous
[836]   g6765__8780.u_NCLP2W11OF2_Q.Q                    Dangerous
[837]   g6766__4296.u_NCLP2W11OF2_Q.Q                    Dangerous
[838]   g6767__3772.u_INCL2W11OF2_Q.Q                    Dangerous
[839]   g6769__1474.u_NCL3W111OF3_Q.Q                    Dangerous
[840]   g6770__4547.u_INCL2W11OF2_Q.Q                    Dangerous
[841]   g6772__15023.u_INCLP2W11OF2_Q.Q                  Dangerous
[842]   g6773__2683.u_INCLOA22OF4_Q.Q                    Unknown
[843]   g6774__1309.u_INCLOA22OF4_Q.Q                    Unknown
[844]   g6775__6877.u_INCLOA22OF4_Q.Q                    Unknown
[845]   g6776__2900.u_INCLOA22OF4_Q.Q                    Unknown
[846]   g6777__2391.u_NCLOA22OF4_Q.Q                     Unknown
[847]   g6778__7675.u_NCLOA22OF4_Q.Q                     Unknown
[848]   g6779__7118.u_NCLOA22OF4_Q.Q                     Unknown
[849]   g6780__8757.u_NCLOA22OF4_Q.Q                     Unknown
[850]   g6781__1786.u_NCLOA22OF4_Q.Q                     Unknown
[851]   g6782__5953.u_INCLOA22OF4_Q.Q                    Unknown
[852]   g6783__5703.u_INCLOA22OF4_Q.Q                    Unknown
[853]   g6784__7114.u_INCL3W211OF3_Q.Q                   Dangerous
[854]   g8653__3772.u_NCL2W211OF3_Q.Q                    Dangerous
[855]   g8654__1474.u_NCL5W2211OF4_Q.Q                   Dangerous
[856]   g8655__15171.u_INCLP2W11OF2_Q.Q                  Dangerous
[857]   g8657__2683.u_INCL3W111OF3_Q.Q                   Dangerous
[858]   g8659__6877.u_NCL3W211OF3_Q.Q                    Dangerous
[859]   g8660__2900.u_NCLAO22OF4_Q.Q                     Dangerous
[860]   g8661__2391.u_NCLAO22OF4_Q.Q                     Dangerous
[861]   g8663__7118.u_INCLPAO22OF4_Q.Q                   Dangerous
[862]   g8664__8757.u_NCL2W211OF3_Q.Q                    Dangerous
[863]   g8665__1786.u_NCL3W211OF3_Q.Q                    Dangerous
[864]   g8666__5953.u_NCL5W3211OF4_Q.Q                   Dangerous
[865]   g8667__5703.u_NCL5W3211OF4_Q.Q                   Dangerous
[866]   g8668__7114.u_INCLPAO22OF4_Q.Q                   Dangerous
[867]   g8669__15047.u_INCLP5W3211OF4_Q.Q                Dangerous
[868]   g8670__15365.u_INCLP5W3211OF4_Q.Q                Dangerous
[869]   g8672__6083.u_INCLP2W11OF2_Q.Q                   Dangerous
[870]   g8676__5795.u_INCLP3W111OF3_Q.Q                  Dangerous
[871]   g8681__14417.u_NCLP3W211OF3_Q.Q                  Dangerous
[872]   g8682__9906.u_INCLP2W11OF2_Q.Q                   Dangerous
[873]   g8685__8780.u_INCLP2W11OF2_Q.Q                   Dangerous
[874]   g8687__3772.u_INCL3W111OF3_Q.Q                   Dangerous
[875]   g8688__1474.u_INCLP2W11OF2_Q.Q                   Dangerous
[876]   g8689__4547.u_NCL2W11OF2_Q.Q                     Dangerous
[877]   g8690__9682.u_NCL2W11OF2_Q.Q                     Dangerous
[878]   g8691__14375.u_NCLP2W11OF2_Q.Q                   Dangerous
[879]   g8692__1309.u_NCLP2W11OF2_Q.Q                    Dangerous
[880]   g8694__6877.u_NCLP2W11OF2_Q.Q                    Dangerous
[881]   g8695__15367.u_NCLP2W11OF2_Q.Q                   Dangerous
[882]   g8696__2391.u_INCL3W111OF3_Q.Q                   Dangerous
[883]   g8697__7675.u_INCL3W111OF3_Q.Q                   Dangerous
[884]   g8698__7118.u_NCLP3W111OF3_Q.Q                   Dangerous
[885]   g8699__8757.u_NCL5W3211OF4_Q.Q                   Dangerous
[886]   g8706__2250.u_NCL2W11OF2_Q.Q                     Dangerous
[887]   g8707__6083.u_NCL2W11OF2_Q.Q                     Dangerous
[888]   g8708__15397.u_NCLP2W11OF2_Q.Q                   Dangerous
[889]   g8709__5795.u_INCL2W11OF2_Q.Q                    Dangerous
[890]   g8710__7344.u_INCL2W11OF2_Q.Q                    Dangerous
[891]   g8711__15396.u_NCLP2W11OF2_Q.Q                   Dangerous
[892]   g8712__5019.u_NCL2W11OF2_Q.Q                     Dangerous
[893]   g8714__9906.u_NCL5W3211OF4_Q.Q                   Dangerous
[894]   g8715__8780.u_NCL4W1111OF4_Q.Q                   Dangerous
[895]   g8716__4296.u_NCL2W11OF2_Q.Q                     Dangerous
[896]   g8718__1474.u_NCL3W111OF3_Q.Q                    Dangerous
[897]   g8719__4547.u_NCL2W11OF2_Q.Q                     Dangerous
[898]   g8720__9682.u_INCL4W1111OF4_Q.Q                  Dangerous
[899]   g8721__15067.u_INCLP2W11OF2_Q.Q                  Dangerous
[900]   g8722__1309.u_NCL2W11OF2_Q.Q                     Dangerous
[901]   g8724__2900.u_INCLP2W11OF2_Q.Q                   Dangerous
[902]   g8725__2391.u_NCL2W11OF2_Q.Q                     Dangerous
[903]   g8726__7675.u_NCL4W1111OF4_Q.Q                   Dangerous
[904]   g8728__8757.u_NCL3W111OF3_Q.Q                    Dangerous
[905]   g8730__5953.u_NCL3W111OF3_Q.Q                    Dangerous
[906]   g8732__7114.u_INCLP2W11OF2_Q.Q                   Dangerous
[907]   g8733__5266.u_INCLP2W11OF2_Q.Q                   Dangerous
[908]   g8734__2250.u_INCL2W11OF2_Q.Q                    Dangerous
[909]   g8735__6083.u_INCLP2W11OF2_Q.Q                   Dangerous
[910]   g8736__2703.u_INCLP2W11OF2_Q.Q                   Dangerous
[911]   g8737__5795.u_NCL2W11OF2_Q.Q                     Dangerous
[912]   g8738__7344.u_NCL5W3211OF4_Q.Q                   Dangerous
[913]   g8739__1840.u_NCL5W3211OF4_Q.Q                   Dangerous
[914]   g8740__5019.u_INCLP3W111OF3_Q.Q                  Dangerous
[915]   g8742__9906.u_NCL3W111OF3_Q.Q                    Dangerous
[916]   g8743__8780.u_NCL2W11OF2_Q.Q                     Dangerous
[917]   g8746__4296.u_NCL2W11OF2_Q.Q                     Dangerous
[918]   g8747__3772.u_INCLP2W11OF2_Q.Q                   Dangerous
[919]   g8749__4547.u_INCL2W11OF2_Q.Q                    Dangerous
[920]   g8750__9682.u_INCL3W111OF3_Q.Q                   Dangerous
[921]   g8752__1309.u_INCLP2W11OF2_Q.Q                   Dangerous
[922]   g8754__6877.u_NCL5W3211OF4_Q.Q                   Dangerous
[923]   g8756__2391.u_NCL2W111OF3_Q.Q                    Dangerous
[924]   g8757__7675.u_NCL2W11OF2_Q.Q                     Dangerous
[925]   g8758__7118.u_INCL3W111OF3_Q.Q                   Dangerous
[926]   g8759__8757.u_NCL5W2211OF4_Q.Q                   Dangerous
[927]   g8760__1786.u_NCL3W111OF3_Q.Q                    Dangerous
[928]   g8764__5953.u_NCL2W11OF2_Q.Q                     Dangerous
[929]   g8765__5703.u_NCLP2W11OF2_Q.Q                    Dangerous
[930]   g8767__5266.u_INCL2W11OF2_Q.Q                    Dangerous
[931]   g8768__2250.u_INCL2W11OF2_Q.Q                    Dangerous
[932]   g8769__6083.u_INCLP2W11OF2_Q.Q                   Dangerous
[933]   g8771__5795.u_INCL2W11OF2_Q.Q                    Dangerous
[934]   g8773__1840.u_INCL2W11OF2_Q.Q                    Dangerous
[935]   g8776__5019.u_INCLP3W111OF3_Q.Q                  Dangerous
[936]   g8777__1857.u_NCLAO22OF4_Q.Q                     Dangerous
[937]   g8778__9906.u_NCL2W11OF2_Q.Q                     Dangerous
[938]   g8779__8780.u_INCLP3W111OF3_Q.Q                  Dangerous
[939]   g8781__3772.u_NCL2W11OF2_Q.Q                     Dangerous
[940]   g8782__1474.u_INCL2W11OF2_Q.Q                    Dangerous
[941]   g8784__4547.u_INCLP2W11OF2_Q.Q                   Dangerous
[942]   g8785__9682.u_INCLP2W11OF2_Q.Q                   Dangerous
[943]   g8789__1309.u_INCLP2W11OF2_Q.Q                   Dangerous
[944]   g8790__6877.u_INCLP2W11OF2_Q.Q                   Dangerous
[945]   g8791__2900.u_INCLP2W11OF2_Q.Q                   Dangerous
[946]   g8794__7118.u_NCL3W211OF3_Q.Q                    Dangerous
[947]   g8795__8757.u_INCLP2W11OF2_Q.Q                   Dangerous
[948]   g8796__1786.u_INCL2W11OF2_Q.Q                    Dangerous
[949]   g8799__7114.u_NCL2W11OF2_Q.Q                     Dangerous
[950]   g8800__5266.u_INCL2W11OF2_Q.Q                    Dangerous
[951]   g8801__2250.u_INCLP2W11OF2_Q.Q                   Dangerous
[952]   g8805__6083.u_INCLP2W11OF2_Q.Q                   Dangerous
[953]   g8806__2703.u_NCL3W111OF3_Q.Q                    Dangerous
[954]   g8807__5795.u_INCLOA22OF4_Q.Q                    Dangerous
[955]   g8812__9906.u_NCLAO22OF4_Q.Q                     Dangerous
[956]   g8814__4296.u_INCLP2W11OF2_Q.Q                   Dangerous
[957]   g8815__3772.u_NCLOA22OF4_Q.Q                     Dangerous
[958]   g8821__1309.u_INCL2W11OF2_Q.Q                    Dangerous
[959]   g8831__7114.u_INCL2W11OF2_Q.Q                    Dangerous
[960]   g8833__2250.u_INCL2W11OF2_Q.Q                    Dangerous
[961]   g8836__5795.u_NCL2W11OF2_Q.Q                     Dangerous
[962]   g8850__2683.u_INCL2W11OF2_Q.Q                    Dangerous
[963]   g8858__1786.u_INCL2W11OF2_Q.Q                    Dangerous
[964]   g8859__5953.u_NCL2W11OF2_Q.Q                     Dangerous




[JasperGold 2018.06] [Platform Linux] [Version 2018.06p002 64 bits] [Build date 2018.08.27 18:04:53 PDT]
